PALACE v21 FINAL DEADLINE SOLVE
MESH=/content/drive/MyDrive/Palace6/meshesv4/runs/FINAL_EIGENMODE_v21/quantum_chip_TARGET_GEOMETRY_v14_4_CONFORMAL_v21_PEC_CLEAN.msh
CONFIG=/content/drive/MyDrive/Palace6/meshesv4/runs/FINAL_EIGENMODE_v21/quantum_chip_TARGET_GEOMETRY_v14_4_FINAL_EIGENMODE_v21.json
V21_SHA256=a27cbbe5cb23e68619718c75dba29df38595eb57760abe43f11d10907b5d2b3f


_____________     _______
_____   __   \____ __   /____ ____________
____   /_/  /  __ ` /  /  __ ` /  ___/  _ \
___   _____/  /_/  /  /  /_/  /  /__/  ___/
  /__/     \___,__/__/\___,__/\_____\_____/


[38;2;255;255;000m--> Warning![0m
Output folder is not empty; program will overwrite content! (/content/drive/MyDrive/Palace6/meshesv4/runs/FINAL_EIGENMODE_v21/postpro)
Git changeset ID: v0.17.0-194-g01f5d9bd1
Running with 1 MPI process, 1 OpenMP thread
Device configuration: omp,cpu
Memory configuration: host-std
libCEED backend: /cpu/self/xsmm/blocked


[38;2;255;255;000m--> Warning![0m
12264 mesh faces with no associated boundary element exist on the domain boundary!

Added 75432 elements in 2 iterations of local bisection for under-resolved interior boundaries
Added 24302 duplicate vertices for interior boundaries in the mesh
Added 82963 duplicate boundary elements for interior boundaries in the mesh
Added 12264 boundary elements for exterior boundaries to the mesh
Added 45687 boundary elements for material interfaces to the mesh

Characteristic length and time scales:
 Lc = 1.000e-02 m, tc = 3.336e-02 ns
Finished partitioning mesh into 1 subdomain

Mesh curvature order: 1
Mesh bounding box:
 (Xmin, Ymin, Zmin) = (-5.000e-03, -5.000e-03, -5.000e-04) m
 (Xmax, Ymax, Zmax) = (+5.000e-03, +5.000e-03, +2.000e-03) m

Parallel Mesh Stats:

                minimum     average     maximum       total
 vertices        107562      107562      107562      107562
 edges           619898      619898      619898      619898
 faces           935541      935541      935541      935541
 elements        423223      423223      423223      423223
 neighbors            0           0           0

            minimum     maximum
 h      3.08214e-10   0.0405074
 kappa      1.00977         inf

Estimated current per-rank memory usage is: Min. 408.5M, Max. 408.5M, Avg. 408.5M, Total 408.5M
Estimated current per-node memory usage is: Min. 408.5M, Max. 408.5M, Avg. 408.5M, Total 408.5M

Configuring Robin impedance BC for lumped ports at attributes:
 10: Ls = 2.000e-09 H/sq, Cs = 1.000e-13 F/sq, n = (+0.0,+0.0,+1.0)
 11: Ls = 2.000e-09 H/sq, Cs = 1.000e-13 F/sq, n = (+0.0,+0.0,+1.0)
 12: Ls = 2.000e-09 H/sq, Cs = 1.000e-13 F/sq, n = (+0.0,+0.0,+1.0)
 13: Ls = 2.000e-09 H/sq, Cs = 1.000e-13 F/sq, n = (+0.0,+0.0,+1.0)
 14: Ls = 2.000e-09 H/sq, Cs = 1.000e-13 F/sq, n = (+0.0,+0.0,+1.0)
 15: Ls = 2.000e-09 H/sq, Cs = 1.000e-13 F/sq, n = (+0.0,+0.0,+1.0)
 16: Ls = 2.000e-09 H/sq, Cs = 1.000e-13 F/sq, n = (+0.0,+0.0,+1.0)
 17: Ls = 2.000e-09 H/sq, Cs = 1.000e-13 F/sq, n = (+0.0,+0.0,+1.0)

Configuring lumped port circuit properties:
 Index = 1: L = 2.000e-08 H, C = 1.000e-14 F
 Index = 2: L = 2.000e-08 H, C = 1.000e-14 F
 Index = 3: L = 2.000e-08 H, C = 1.000e-14 F
 Index = 4: L = 2.000e-08 H, C = 1.000e-14 F
 Index = 5: L = 2.000e-08 H, C = 1.000e-14 F
 Index = 6: L = 2.000e-08 H, C = 1.000e-14 F
 Index = 7: L = 2.000e-08 H, C = 1.000e-14 F
 Index = 8: L = 2.000e-08 H, C = 1.000e-14 F

Configuring Dirichlet PEC BC at attributes:
 200

Assembling system matrices, number of global unknowns:
 H1 (p = 1): 107562, ND (p = 1): 619898, RT (p = 1): 935541
 Operator assembly level: Partial
 Mesh geometries:
  Tetrahedron: P = 6, Q = 4 (quadrature order = 2)

Configuring SLEPc eigenvalue solver:
 Scaling γ = 2.445e+09, δ = 1.417e-21
 Configuring divergence-free projection
 Using random starting vector
 Shift-and-invert σ = 5.450e+00 GHz (1.142e+00)

Assembling multigrid hierarchy:
 Level 0 (p = 1): 619898 unknowns
 Level 0 (auxiliary) (p = 1): 107562 unknowns

#PETSc Option Table entries:
-eps_monitor # (source: code)
#End of PETSc Option Table entries

  Residual norms for GMRES solve
  0 (restart 0) KSP residual norm 3.283632e-13
  1 (restart 0) KSP residual norm 8.500001e-16
  2 (restart 0) KSP residual norm 3.302350e-16
  3 (restart 0) KSP residual norm 9.128884e-17
  4 (restart 0) KSP residual norm 5.840670e-17
  5 (restart 0) KSP residual norm 3.190077e-17
  6 (restart 0) KSP residual norm 4.290026e-18
  7 (restart 0) KSP residual norm 3.310342e-18
  8 (restart 0) KSP residual norm 2.545638e-18
  9 (restart 0) KSP residual norm 3.036209e-19
GMRES solver converged in 9 iterations (avg. reduction factor: 2.136e-01)
  Residual norms for GMRES solve
  0 (restart 0) KSP residual norm 2.686602e-11
  1 (restart 0) KSP residual norm 1.042264e-14
  2 (restart 0) KSP residual norm 6.660079e-15
  3 (restart 0) KSP residual norm 4.614579e-15
  4 (restart 0) KSP residual norm 8.802516e-16
  5 (restart 0) KSP residual norm 3.890958e-16
  6 (restart 0) KSP residual norm 1.748777e-16
  7 (restart 0) KSP residual norm 6.419087e-17
  8 (restart 0) KSP residual norm 1.849637e-17
GMRES solver converged in 8 iterations (avg. reduction factor: 1.697e-01)
  Residual norms for GMRES solve
  0 (restart 0) KSP residual norm 7.541038e-11
  1 (restart 0) KSP residual norm 2.125779e-14
  2 (restart 0) KSP residual norm 1.389629e-14
  3 (restart 0) KSP residual norm 9.627732e-15
  4 (restart 0) KSP residual norm 1.368835e-15
  5 (restart 0) KSP residual norm 5.893759e-16
  6 (restart 0) KSP residual norm 5.490371e-16
  7 (restart 0) KSP residual norm 9.148679e-17
  8 (restart 0) KSP residual norm 2.715878e-17
GMRES solver converged in 8 iterations (avg. reduction factor: 1.565e-01)
  Residual norms for GMRES solve
  0 (restart 0) KSP residual norm 8.410187e-11
  1 (restart 0) KSP residual norm 1.132841e-14
  2 (restart 0) KSP residual norm 5.789687e-15
  3 (restart 0) KSP residual norm 3.443595e-15
  4 (restart 0) KSP residual norm 3.706659e-16
  5 (restart 0) KSP residual norm 2.890234e-16
  6 (restart 0) KSP residual norm 1.867129e-16
  7 (restart 0) KSP residual norm 2.520890e-17
GMRES solver converged in 7 iterations (avg. reduction factor: 1.170e-01)
  Residual norms for GMRES solve
  0 (restart 0) KSP residual norm 4.370605e-11
  1 (restart 0) KSP residual norm 2.429137e-14
  2 (restart 0) KSP residual norm 1.507033e-14
  3 (restart 0) KSP residual norm 1.058891e-14
  4 (restart 0) KSP residual norm 2.087251e-15
  5 (restart 0) KSP residual norm 8.772208e-16
  6 (restart 0) KSP residual norm 2.859782e-16
  7 (restart 0) KSP residual norm 1.507498e-16
  8 (restart 0) KSP residual norm 4.196007e-17
GMRES solver converged in 8 iterations (avg. reduction factor: 1.769e-01)
  Residual norms for GMRES solve
  0 (restart 0) KSP residual norm 2.556373e-11
  1 (restart 0) KSP residual norm 3.345343e-14
  2 (restart 0) KSP residual norm 2.079553e-14
  3 (restart 0) KSP residual norm 1.372780e-14
  4 (restart 0) KSP residual norm 3.090253e-15
  5 (restart 0) KSP residual norm 1.485452e-15
  6 (restart 0) KSP residual norm 2.781539e-16
  7 (restart 0) KSP residual norm 2.308434e-16
  8 (restart 0) KSP residual norm 7.528715e-17
  9 (restart 0) KSP residual norm 1.725009e-17
GMRES solver converged in 9 iterations (avg. reduction factor: 2.062e-01)
  Residual norms for GMRES solve
  0 (restart 0) KSP residual norm 2.031594e-11
  1 (restart 0) KSP residual norm 1.538417e-14
  2 (restart 0) KSP residual norm 1.002471e-14
  3 (restart 0) KSP residual norm 6.124224e-15
  4 (restart 0) KSP residual norm 1.283649e-15
  5 (restart 0) KSP residual norm 6.412506e-16
  6 (restart 0) KSP residual norm 1.547220e-16
  7 (restart 0) KSP residual norm 8.661109e-17
  8 (restart 0) KSP residual norm 3.906759e-17
  9 (restart 0) KSP residual norm 8.781600e-18
GMRES solver converged in 9 iterations (avg. reduction factor: 1.963e-01)
  Residual norms for GMRES solve
  0 (restart 0) KSP residual norm 1.359954e-11
  1 (restart 0) KSP residual norm 5.681681e-14
  2 (restart 0) KSP residual norm 3.655603e-14
  3 (restart 0) KSP residual norm 2.582447e-14
  4 (restart 0) KSP residual norm 4.458999e-15
  5 (restart 0) KSP residual norm 1.917643e-15
  6 (restart 0) KSP residual norm 2.593176e-16
  7 (restart 0) KSP residual norm 2.054059e-16
  8 (restart 0) KSP residual norm 9.162892e-17
  9 (restart 0) KSP residual norm 2.104177e-17
 10 (restart 0) KSP residual norm 2.029124e-17
 11 (restart 0) KSP residual norm 1.986661e-18
GMRES solver converged in 11 iterations (avg. reduction factor: 2.391e-01)
  Residual norms for GMRES solve
  0 (restart 0) KSP residual norm 2.744947e-11
  1 (restart 0) KSP residual norm 1.461992e-13
  2 (restart 0) KSP residual norm 6.633510e-14
  3 (restart 0) KSP residual norm 2.534149e-14
  4 (restart 0) KSP residual norm 4.729103e-15
  5 (restart 0) KSP residual norm 6.135135e-16
  6 (restart 0) KSP residual norm 3.438316e-16
  7 (restart 0) KSP residual norm 3.008971e-16
  8 (restart 0) KSP residual norm 4.219380e-17
  9 (restart 0) KSP residual norm 4.209222e-17
 10 (restart 0) KSP residual norm 2.305905e-17
GMRES solver converged in 10 iterations (avg. reduction factor: 2.468e-01)
  Residual norms for GMRES solve
  0 (restart 0) KSP residual norm 2.106100e-11
  1 (restart 0) KSP residual norm 1.438974e-13
  2 (restart 0) KSP residual norm 7.819527e-14
  3 (restart 0) KSP residual norm 3.430224e-14
  4 (restart 0) KSP residual norm 1.169908e-14
  5 (restart 0) KSP residual norm 1.181823e-15
  6 (restart 0) KSP residual norm 6.186874e-16
  7 (restart 0) KSP residual norm 5.481122e-16
  8 (restart 0) KSP residual norm 8.312242e-17
  9 (restart 0) KSP residual norm 6.001878e-17
 10 (restart 0) KSP residual norm 4.290088e-17
 11 (restart 0) KSP residual norm 3.541246e-18
GMRES solver converged in 11 iterations (avg. reduction factor: 2.422e-01)
  Residual norms for GMRES solve
  0 (restart 0) KSP residual norm 1.703625e-11
  1 (restart 0) KSP residual norm 1.525714e-13
  2 (restart 0) KSP residual norm 3.922416e-14
  3 (restart 0) KSP residual norm 1.862636e-14
  4 (restart 0) KSP residual norm 1.172906e-15
  5 (restart 0) KSP residual norm 4.815138e-16
  6 (restart 0) KSP residual norm 1.264560e-16
  7 (restart 0) KSP residual norm 8.457709e-17
  8 (restart 0) KSP residual norm 2.424847e-17
  9 (restart 0) KSP residual norm 1.923267e-17
 10 (restart 0) KSP residual norm 8.637713e-18
GMRES solver converged in 10 iterations (avg. reduction factor: 2.347e-01)
  Residual norms for GMRES solve
  0 (restart 0) KSP residual norm 7.177940e-12
  1 (restart 0) KSP residual norm 3.172085e-13
  2 (restart 0) KSP residual norm 1.559734e-13
  3 (restart 0) KSP residual norm 8.629544e-14
  4 (restart 0) KSP residual norm 2.957894e-14
  5 (restart 0) KSP residual norm 3.181025e-15
  6 (restart 0) KSP residual norm 1.549770e-15
  7 (restart 0) KSP residual norm 2.307687e-16
  8 (restart 0) KSP residual norm 2.036757e-16
  9 (restart 0) KSP residual norm 7.658353e-17
 10 (restart 0) KSP residual norm 1.593217e-17
 11 (restart 0) KSP residual norm 9.103340e-18
 12 (restart 0) KSP residual norm 1.687770e-18
GMRES solver converged in 12 iterations (avg. reduction factor: 2.803e-01)
  Residual norms for GMRES solve
  0 (restart 0) KSP residual norm 3.298649e-12
  1 (restart 0) KSP residual norm 1.164523e-12
  2 (restart 0) KSP residual norm 6.318559e-13
  3 (restart 0) KSP residual norm 9.018258e-14
  4 (restart 0) KSP residual norm 1.147914e-14
  5 (restart 0) KSP residual norm 4.643105e-15
  6 (restart 0) KSP residual norm 4.655923e-16
  7 (restart 0) KSP residual norm 2.121709e-16
  8 (restart 0) KSP residual norm 2.012837e-16
  9 (restart 0) KSP residual norm 1.906976e-17
 10 (restart 0) KSP residual norm 6.503140e-18
 11 (restart 0) KSP residual norm 5.208370e-18
 12 (restart 0) KSP residual norm 3.895078e-19
GMRES solver converged in 12 iterations (avg. reduction factor: 2.647e-01)
  Residual norms for GMRES solve
  0 (restart 0) KSP residual norm 3.502957e-12
  1 (restart 0) KSP residual norm 1.203570e-12
  2 (restart 0) KSP residual norm 4.308883e-13
  3 (restart 0) KSP residual norm 5.125539e-14
  4 (restart 0) KSP residual norm 2.249404e-14
  5 (restart 0) KSP residual norm 2.166429e-15
  6 (restart 0) KSP residual norm 9.570907e-16
  7 (restart 0) KSP residual norm 1.593948e-16
  8 (restart 0) KSP residual norm 1.544971e-16
  9 (restart 0) KSP residual norm 3.257824e-17
 10 (restart 0) KSP residual norm 6.274811e-18
 11 (restart 0) KSP residual norm 6.225811e-18
 12 (restart 0) KSP residual norm 5.970857e-19
GMRES solver converged in 12 iterations (avg. reduction factor: 2.729e-01)
  Residual norms for GMRES solve
  0 (restart 0) KSP residual norm 2.333313e-12
  1 (restart 0) KSP residual norm 1.221010e-12
  2 (restart 0) KSP residual norm 1.834833e-13
  3 (restart 0) KSP residual norm 9.904592e-14
  4 (restart 0) KSP residual norm 7.626131e-14
  5 (restart 0) KSP residual norm 1.398446e-14
  6 (restart 0) KSP residual norm 3.049856e-15
  7 (restart 0) KSP residual norm 6.420798e-16
  8 (restart 0) KSP residual norm 1.880820e-16
  9 (restart 0) KSP residual norm 1.135396e-16
 10 (restart 0) KSP residual norm 3.374068e-17
 11 (restart 0) KSP residual norm 3.353493e-18
 12 (restart 0) KSP residual norm 1.924543e-18
GMRES solver converged in 12 iterations (avg. reduction factor: 3.112e-01)
  Residual norms for GMRES solve
  0 (restart 0) KSP residual norm 2.697771e-12
  1 (restart 0) KSP residual norm 8.839432e-13
  2 (restart 0) KSP residual norm 8.201408e-14
  3 (restart 0) KSP residual norm 2.001762e-14
  4 (restart 0) KSP residual norm 1.468414e-14
  5 (restart 0) KSP residual norm 6.997779e-15
  6 (restart 0) KSP residual norm 4.678845e-16
  7 (restart 0) KSP residual norm 2.252885e-16
  8 (restart 0) KSP residual norm 7.604851e-17
  9 (restart 0) KSP residual norm 2.952932e-17
 10 (restart 0) KSP residual norm 1.183730e-17
 11 (restart 0) KSP residual norm 2.040104e-18
GMRES solver converged in 11 iterations (avg. reduction factor: 2.777e-01)
  Residual norms for GMRES solve
  0 (restart 0) KSP residual norm 2.095549e-12
  1 (restart 0) KSP residual norm 9.988804e-13
  2 (restart 0) KSP residual norm 7.952174e-14
  3 (restart 0) KSP residual norm 2.944876e-14
  4 (restart 0) KSP residual norm 2.987797e-15
  5 (restart 0) KSP residual norm 1.198281e-15
  6 (restart 0) KSP residual norm 9.300284e-16
  7 (restart 0) KSP residual norm 3.533377e-16
  8 (restart 0) KSP residual norm 2.327615e-16
  9 (restart 0) KSP residual norm 1.368478e-16
 10 (restart 0) KSP residual norm 4.883500e-18
 11 (restart 0) KSP residual norm 1.264526e-18
GMRES solver converged in 11 iterations (avg. reduction factor: 2.720e-01)
  Residual norms for GMRES solve
  0 (restart 0) KSP residual norm 2.060570e-12
  1 (restart 0) KSP residual norm 1.283842e-12
  2 (restart 0) KSP residual norm 1.428622e-13
  3 (restart 0) KSP residual norm 4.731519e-14
  4 (restart 0) KSP residual norm 4.874075e-15
  5 (restart 0) KSP residual norm 7.179255e-16
  6 (restart 0) KSP residual norm 2.065265e-16
  7 (restart 0) KSP residual norm 3.498095e-17
  8 (restart 0) KSP residual norm 3.308901e-17
  9 (restart 0) KSP residual norm 2.797261e-17
 10 (restart 0) KSP residual norm 1.610501e-17
 11 (restart 0) KSP residual norm 3.731462e-18
 12 (restart 0) KSP residual norm 3.516353e-18
 13 (restart 0) KSP residual norm 7.215971e-19
GMRES solver converged in 13 iterations (avg. reduction factor: 3.187e-01)
  Residual norms for GMRES solve
  0 (restart 0) KSP residual norm 2.809985e-12
  1 (restart 0) KSP residual norm 8.339515e-13
  2 (restart 0) KSP residual norm 6.818329e-14
  3 (restart 0) KSP residual norm 3.069969e-14
  4 (restart 0) KSP residual norm 3.610363e-15
  5 (restart 0) KSP residual norm 1.024713e-15
  6 (restart 0) KSP residual norm 7.584628e-16
  7 (restart 0) KSP residual norm 2.757276e-16
  8 (restart 0) KSP residual norm 1.793212e-16
  9 (restart 0) KSP residual norm 1.406654e-16
 10 (restart 0) KSP residual norm 1.874299e-17
 11 (restart 0) KSP residual norm 3.505510e-18
 12 (restart 0) KSP residual norm 2.886067e-18
 13 (restart 0) KSP residual norm 3.712383e-19
GMRES solver converged in 13 iterations (avg. reduction factor: 2.957e-01)
  Residual norms for GMRES solve
  0 (restart 0) KSP residual norm 1.657551e-12
  1 (restart 0) KSP residual norm 1.400947e-12
  2 (restart 0) KSP residual norm 1.109184e-13
  3 (restart 0) KSP residual norm 4.216253e-14
  4 (restart 0) KSP residual norm 5.845894e-15
  5 (restart 0) KSP residual norm 1.981827e-15
  6 (restart 0) KSP residual norm 1.458919e-15
  7 (restart 0) KSP residual norm 7.931697e-16
  8 (restart 0) KSP residual norm 1.812196e-16
  9 (restart 0) KSP residual norm 1.803918e-16
 10 (restart 0) KSP residual norm 2.706838e-17
 11 (restart 0) KSP residual norm 4.866712e-18
 12 (restart 0) KSP residual norm 4.049344e-18
 13 (restart 0) KSP residual norm 7.594632e-19
GMRES solver converged in 13 iterations (avg. reduction factor: 3.254e-01)
  Residual norms for GMRES solve
  0 (restart 0) KSP residual norm 1.778663e-12
  1 (restart 0) KSP residual norm 7.835068e-13
  2 (restart 0) KSP residual norm 9.154980e-14
  3 (restart 0) KSP residual norm 3.250250e-14
  4 (restart 0) KSP residual norm 2.239310e-15
  5 (restart 0) KSP residual norm 1.276876e-15
  6 (restart 0) KSP residual norm 5.210720e-16
  7 (restart 0) KSP residual norm 2.563598e-16
  8 (restart 0) KSP residual norm 1.646711e-16
  9 (restart 0) KSP residual norm 1.103848e-16
 10 (restart 0) KSP residual norm 7.339083e-18
 11 (restart 0) KSP residual norm 6.595255e-18
 12 (restart 0) KSP residual norm 4.476080e-18
 13 (restart 0) KSP residual norm 3.605084e-19
GMRES solver converged in 13 iterations (avg. reduction factor: 3.056e-01)
  Residual norms for GMRES solve
  0 (restart 0) KSP residual norm 1.645980e-12
  1 (restart 0) KSP residual norm 8.221926e-13
  2 (restart 0) KSP residual norm 6.328076e-14
  3 (restart 0) KSP residual norm 2.792160e-14
  4 (restart 0) KSP residual norm 2.669414e-15
  5 (restart 0) KSP residual norm 9.094440e-16
  6 (restart 0) KSP residual norm 6.752808e-16
  7 (restart 0) KSP residual norm 2.187905e-16
  8 (restart 0) KSP residual norm 1.116903e-16
  9 (restart 0) KSP residual norm 1.108424e-16
 10 (restart 0) KSP residual norm 1.930931e-17
 11 (restart 0) KSP residual norm 3.662357e-18
 12 (restart 0) KSP residual norm 3.476647e-18
 13 (restart 0) KSP residual norm 2.304869e-19
GMRES solver converged in 13 iterations (avg. reduction factor: 2.970e-01)
  Residual norms for GMRES solve
  0 (restart 0) KSP residual norm 1.624781e-12
  1 (restart 0) KSP residual norm 1.324428e-12
  2 (restart 0) KSP residual norm 8.779056e-14
  3 (restart 0) KSP residual norm 3.859402e-14
  4 (restart 0) KSP residual norm 3.800145e-15
  5 (restart 0) KSP residual norm 1.460601e-15
  6 (restart 0) KSP residual norm 1.029385e-15
  7 (restart 0) KSP residual norm 3.392888e-16
  8 (restart 0) KSP residual norm 1.721495e-16
  9 (restart 0) KSP residual norm 1.701775e-16
 10 (restart 0) KSP residual norm 2.255824e-17
 11 (restart 0) KSP residual norm 5.083241e-18
 12 (restart 0) KSP residual norm 4.655292e-18
 13 (restart 0) KSP residual norm 2.824455e-19
GMRES solver converged in 13 iterations (avg. reduction factor: 3.020e-01)
  Residual norms for GMRES solve
  0 (restart 0) KSP residual norm 2.372640e-12
  1 (restart 0) KSP residual norm 7.389265e-13
  2 (restart 0) KSP residual norm 1.193725e-13
  3 (restart 0) KSP residual norm 2.769446e-14
  4 (restart 0) KSP residual norm 2.328035e-15
  5 (restart 0) KSP residual norm 1.005108e-15
  6 (restart 0) KSP residual norm 9.286845e-17
  7 (restart 0) KSP residual norm 5.778588e-17
  8 (restart 0) KSP residual norm 5.368815e-17
  9 (restart 0) KSP residual norm 3.575223e-17
 10 (restart 0) KSP residual norm 9.832717e-18
 11 (restart 0) KSP residual norm 7.964672e-18
 12 (restart 0) KSP residual norm 6.834611e-18
 13 (restart 0) KSP residual norm 3.278521e-19
GMRES solver converged in 13 iterations (avg. reduction factor: 2.967e-01)
  Residual norms for GMRES solve
  0 (restart 0) KSP residual norm 1.590086e-12
  1 (restart 0) KSP residual norm 1.164852e-12
  2 (restart 0) KSP residual norm 1.436760e-13
  3 (restart 0) KSP residual norm 5.069980e-14
  4 (restart 0) KSP residual norm 2.832983e-15
  5 (restart 0) KSP residual norm 1.520905e-15
  6 (restart 0) KSP residual norm 6.479731e-16
  7 (restart 0) KSP residual norm 2.749959e-16
  8 (restart 0) KSP residual norm 1.178291e-16
  9 (restart 0) KSP residual norm 8.624041e-17
 10 (restart 0) KSP residual norm 7.554389e-18
 11 (restart 0) KSP residual norm 5.490865e-18
 12 (restart 0) KSP residual norm 4.180104e-18
 13 (restart 0) KSP residual norm 2.971866e-19
GMRES solver converged in 13 iterations (avg. reduction factor: 3.037e-01)
  Residual norms for GMRES solve
  0 (restart 0) KSP residual norm 1.295040e-12
  1 (restart 0) KSP residual norm 1.080441e-12
  2 (restart 0) KSP residual norm 9.519984e-14
  3 (restart 0) KSP residual norm 4.167624e-14
  4 (restart 0) KSP residual norm 2.599052e-15
  5 (restart 0) KSP residual norm 5.695285e-16
  6 (restart 0) KSP residual norm 2.778667e-16
  7 (restart 0) KSP residual norm 9.225357e-17
  8 (restart 0) KSP residual norm 4.620363e-17
  9 (restart 0) KSP residual norm 4.620076e-17
 10 (restart 0) KSP residual norm 2.621215e-18
 11 (restart 0) KSP residual norm 1.301584e-18
 12 (restart 0) KSP residual norm 1.124604e-18
GMRES solver converged in 12 iterations (avg. reduction factor: 3.125e-01)
  Residual norms for GMRES solve
  0 (restart 0) KSP residual norm 3.098592e-12
  1 (restart 0) KSP residual norm 1.481468e-12
  2 (restart 0) KSP residual norm 3.200811e-13
  3 (restart 0) KSP residual norm 7.031985e-14
  4 (restart 0) KSP residual norm 4.706656e-15
  5 (restart 0) KSP residual norm 2.011141e-15
  6 (restart 0) KSP residual norm 6.130895e-16
  7 (restart 0) KSP residual norm 4.225659e-16
  8 (restart 0) KSP residual norm 2.363664e-16
  9 (restart 0) KSP residual norm 1.419710e-16
 10 (restart 0) KSP residual norm 1.710236e-17
 11 (restart 0) KSP residual norm 1.333135e-17
 12 (restart 0) KSP residual norm 9.281515e-18
 13 (restart 0) KSP residual norm 7.183765e-19
GMRES solver converged in 13 iterations (avg. reduction factor: 3.088e-01)
  Residual norms for GMRES solve
  0 (restart 0) KSP residual norm 5.078290e-12
  1 (restart 0) KSP residual norm 9.015528e-13
  2 (restart 0) KSP residual norm 4.171750e-13
  3 (restart 0) KSP residual norm 4.481896e-14
  4 (restart 0) KSP residual norm 7.301812e-15
  5 (restart 0) KSP residual norm 2.844851e-15
  6 (restart 0) KSP residual norm 1.453974e-15
  7 (restart 0) KSP residual norm 8.463850e-16
  8 (restart 0) KSP residual norm 4.184272e-16
  9 (restart 0) KSP residual norm 1.252743e-16
 10 (restart 0) KSP residual norm 3.086785e-17
 11 (restart 0) KSP residual norm 2.186069e-17
 12 (restart 0) KSP residual norm 8.662261e-18
 13 (restart 0) KSP residual norm 5.771354e-19
GMRES solver converged in 13 iterations (avg. reduction factor: 2.923e-01)
  Residual norms for GMRES solve
  0 (restart 0) KSP residual norm 1.765287e-12
  1 (restart 0) KSP residual norm 1.033759e-12
  2 (restart 0) KSP residual norm 1.257079e-13
  3 (restart 0) KSP residual norm 2.900235e-14
  4 (restart 0) KSP residual norm 2.229312e-15
  5 (restart 0) KSP residual norm 9.076902e-16
  6 (restart 0) KSP residual norm 1.752867e-16
  7 (restart 0) KSP residual norm 1.266597e-16
  8 (restart 0) KSP residual norm 1.009856e-16
  9 (restart 0) KSP residual norm 7.196890e-17
 10 (restart 0) KSP residual norm 7.518999e-18
 11 (restart 0) KSP residual norm 5.769854e-18
 12 (restart 0) KSP residual norm 4.623932e-18
 13 (restart 0) KSP residual norm 4.835720e-19
GMRES solver converged in 13 iterations (avg. reduction factor: 3.128e-01)
  Residual norms for GMRES solve
  0 (restart 0) KSP residual norm 2.925299e-12
  1 (restart 0) KSP residual norm 1.277137e-12
  2 (restart 0) KSP residual norm 2.044433e-13
  3 (restart 0) KSP residual norm 3.442034e-14
  4 (restart 0) KSP residual norm 4.067435e-15
  5 (restart 0) KSP residual norm 1.746240e-15
  6 (restart 0) KSP residual norm 4.862217e-16
  7 (restart 0) KSP residual norm 3.233330e-16
  8 (restart 0) KSP residual norm 2.097574e-16
  9 (restart 0) KSP residual norm 1.039279e-16
 10 (restart 0) KSP residual norm 1.308626e-17
 11 (restart 0) KSP residual norm 1.200852e-17
 12 (restart 0) KSP residual norm 7.667932e-18
 13 (restart 0) KSP residual norm 6.372049e-19
GMRES solver converged in 13 iterations (avg. reduction factor: 3.073e-01)
  Residual norms for GMRES solve
  0 (restart 0) KSP residual norm 2.399795e-12
  1 (restart 0) KSP residual norm 5.344099e-13
  2 (restart 0) KSP residual norm 2.132136e-13
  3 (restart 0) KSP residual norm 1.092705e-14
  4 (restart 0) KSP residual norm 5.304575e-15
  5 (restart 0) KSP residual norm 1.555399e-15
  6 (restart 0) KSP residual norm 9.699731e-16
  7 (restart 0) KSP residual norm 6.330418e-16
  8 (restart 0) KSP residual norm 1.979078e-16
  9 (restart 0) KSP residual norm 1.303599e-16
 10 (restart 0) KSP residual norm 3.205226e-17
 11 (restart 0) KSP residual norm 1.434767e-17
 12 (restart 0) KSP residual norm 4.551926e-18
 13 (restart 0) KSP residual norm 5.621383e-19
GMRES solver converged in 13 iterations (avg. reduction factor: 3.090e-01)
  Residual norms for GMRES solve
  0 (restart 0) KSP residual norm 4.636049e-12
  1 (restart 0) KSP residual norm 9.796354e-14
  2 (restart 0) KSP residual norm 4.509677e-14
  3 (restart 0) KSP residual norm 1.516533e-14
  4 (restart 0) KSP residual norm 8.613777e-15
  5 (restart 0) KSP residual norm 5.112477e-15
  6 (restart 0) KSP residual norm 4.367135e-16
  7 (restart 0) KSP residual norm 1.739781e-16
  8 (restart 0) KSP residual norm 1.228691e-16
  9 (restart 0) KSP residual norm 1.504391e-17
 10 (restart 0) KSP residual norm 6.700664e-18
 11 (restart 0) KSP residual norm 3.368659e-18
GMRES solver converged in 11 iterations (avg. reduction factor: 2.767e-01)
  Residual norms for GMRES solve
  0 (restart 0) KSP residual norm 9.596702e-12
  1 (restart 0) KSP residual norm 1.506803e-13
  2 (restart 0) KSP residual norm 3.360226e-14
  3 (restart 0) KSP residual norm 5.864589e-15
  4 (restart 0) KSP residual norm 4.577843e-15
  5 (restart 0) KSP residual norm 2.301927e-15
  6 (restart 0) KSP residual norm 3.973319e-16
  7 (restart 0) KSP residual norm 2.665784e-16
  8 (restart 0) KSP residual norm 2.172841e-16
  9 (restart 0) KSP residual norm 2.332060e-17
 10 (restart 0) KSP residual norm 1.481273e-17
 11 (restart 0) KSP residual norm 1.364148e-17
 12 (restart 0) KSP residual norm 1.025824e-18
GMRES solver converged in 12 iterations (avg. reduction factor: 2.625e-01)
  Residual norms for GMRES solve
  0 (restart 0) KSP residual norm 1.390620e-11
  1 (restart 0) KSP residual norm 2.449327e-13
  2 (restart 0) KSP residual norm 2.138088e-14
  3 (restart 0) KSP residual norm 3.679684e-15
  4 (restart 0) KSP residual norm 1.590455e-15
  5 (restart 0) KSP residual norm 3.670031e-16
  6 (restart 0) KSP residual norm 2.684595e-16
  7 (restart 0) KSP residual norm 2.233869e-16
  8 (restart 0) KSP residual norm 1.852417e-16
  9 (restart 0) KSP residual norm 2.192451e-17
 10 (restart 0) KSP residual norm 1.614253e-17
 11 (restart 0) KSP residual norm 1.395619e-17
 12 (restart 0) KSP residual norm 7.040233e-19
GMRES solver converged in 12 iterations (avg. reduction factor: 2.466e-01)
  Residual norms for GMRES solve
  0 (restart 0) KSP residual norm 2.955932e-12
  1 (restart 0) KSP residual norm 6.823186e-14
  2 (restart 0) KSP residual norm 6.780833e-15
  3 (restart 0) KSP residual norm 2.395239e-15
  4 (restart 0) KSP residual norm 1.576671e-15
  5 (restart 0) KSP residual norm 7.540325e-16
  6 (restart 0) KSP residual norm 1.954642e-16
  7 (restart 0) KSP residual norm 7.474179e-17
  8 (restart 0) KSP residual norm 6.291141e-17
  9 (restart 0) KSP residual norm 6.195936e-18
 10 (restart 0) KSP residual norm 5.461092e-18
 11 (restart 0) KSP residual norm 3.997544e-18
 12 (restart 0) KSP residual norm 2.193648e-19
GMRES solver converged in 12 iterations (avg. reduction factor: 2.546e-01)
  Residual norms for GMRES solve
  0 (restart 0) KSP residual norm 1.378003e-11
  1 (restart 0) KSP residual norm 2.016747e-13
  2 (restart 0) KSP residual norm 1.822236e-14
  3 (restart 0) KSP residual norm 3.453328e-15
  4 (restart 0) KSP residual norm 1.741980e-15
  5 (restart 0) KSP residual norm 9.094956e-16
  6 (restart 0) KSP residual norm 4.895114e-16
  7 (restart 0) KSP residual norm 3.307264e-16
  8 (restart 0) KSP residual norm 2.548160e-16
  9 (restart 0) KSP residual norm 2.077555e-17
 10 (restart 0) KSP residual norm 1.699851e-17
 11 (restart 0) KSP residual norm 1.340181e-17
GMRES solver converged in 11 iterations (avg. reduction factor: 2.841e-01)
  Residual norms for GMRES solve
  0 (restart 0) KSP residual norm 6.918634e-12
  1 (restart 0) KSP residual norm 6.773402e-14
  2 (restart 0) KSP residual norm 6.691878e-15
  3 (restart 0) KSP residual norm 2.732022e-15
  4 (restart 0) KSP residual norm 1.843253e-15
  5 (restart 0) KSP residual norm 7.541991e-16
  6 (restart 0) KSP residual norm 1.761729e-16
  7 (restart 0) KSP residual norm 1.350029e-16
  8 (restart 0) KSP residual norm 5.365358e-17
  9 (restart 0) KSP residual norm 6.730362e-18
GMRES solver converged in 9 iterations (avg. reduction factor: 2.148e-01)
  Residual norms for GMRES solve
  0 (restart 0) KSP residual norm 3.688690e-12
  1 (restart 0) KSP residual norm 4.732656e-13
  2 (restart 0) KSP residual norm 4.463509e-14
  3 (restart 0) KSP residual norm 6.594426e-15
  4 (restart 0) KSP residual norm 2.979080e-15
  5 (restart 0) KSP residual norm 9.435700e-16
  6 (restart 0) KSP residual norm 5.389427e-16
  7 (restart 0) KSP residual norm 3.558470e-16
  8 (restart 0) KSP residual norm 2.680529e-16
  9 (restart 0) KSP residual norm 4.750766e-17
 10 (restart 0) KSP residual norm 2.231530e-17
 11 (restart 0) KSP residual norm 1.396091e-17
 12 (restart 0) KSP residual norm 1.646075e-18
GMRES solver converged in 12 iterations (avg. reduction factor: 2.957e-01)
  Residual norms for GMRES solve
  0 (restart 0) KSP residual norm 9.100299e-12
  1 (restart 0) KSP residual norm 1.981158e-13
  2 (restart 0) KSP residual norm 1.737238e-14
  3 (restart 0) KSP residual norm 2.974415e-15
  4 (restart 0) KSP residual norm 1.421883e-15
  5 (restart 0) KSP residual norm 6.581670e-16
  6 (restart 0) KSP residual norm 3.924696e-16
  7 (restart 0) KSP residual norm 2.466454e-16
  8 (restart 0) KSP residual norm 2.237131e-16
  9 (restart 0) KSP residual norm 1.968893e-17
 10 (restart 0) KSP residual norm 1.334392e-17
 11 (restart 0) KSP residual norm 1.237677e-17
 12 (restart 0) KSP residual norm 6.384033e-19
GMRES solver converged in 12 iterations (avg. reduction factor: 2.534e-01)
  Residual norms for GMRES solve
  0 (restart 0) KSP residual norm 3.033448e-12
  1 (restart 0) KSP residual norm 2.591543e-13
  2 (restart 0) KSP residual norm 2.524063e-14
  3 (restart 0) KSP residual norm 4.180210e-15
  4 (restart 0) KSP residual norm 2.156739e-15
  5 (restart 0) KSP residual norm 1.087114e-15
  6 (restart 0) KSP residual norm 5.536796e-16
  7 (restart 0) KSP residual norm 2.650360e-16
  8 (restart 0) KSP residual norm 1.994143e-16
  9 (restart 0) KSP residual norm 2.687470e-17
 10 (restart 0) KSP residual norm 1.385691e-17
 11 (restart 0) KSP residual norm 1.248303e-17
 12 (restart 0) KSP residual norm 9.297560e-19
GMRES solver converged in 12 iterations (avg. reduction factor: 2.866e-01)
  Residual norms for GMRES solve
  0 (restart 0) KSP residual norm 1.288249e-11
  1 (restart 0) KSP residual norm 3.319976e-13
  2 (restart 0) KSP residual norm 2.977528e-14
  3 (restart 0) KSP residual norm 4.515598e-15
  4 (restart 0) KSP residual norm 2.027554e-15
  5 (restart 0) KSP residual norm 6.574173e-16
  6 (restart 0) KSP residual norm 4.316393e-16
  7 (restart 0) KSP residual norm 3.237850e-16
  8 (restart 0) KSP residual norm 3.036789e-16
  9 (restart 0) KSP residual norm 3.339750e-17
 10 (restart 0) KSP residual norm 2.131992e-17
 11 (restart 0) KSP residual norm 2.054838e-17
 12 (restart 0) KSP residual norm 1.086590e-18
GMRES solver converged in 12 iterations (avg. reduction factor: 2.573e-01)
  Residual norms for GMRES solve
  0 (restart 0) KSP residual norm 5.477478e-12
  1 (restart 0) KSP residual norm 9.325902e-14
  2 (restart 0) KSP residual norm 7.236089e-15
  3 (restart 0) KSP residual norm 3.355321e-15
  4 (restart 0) KSP residual norm 2.125034e-15
  5 (restart 0) KSP residual norm 1.073155e-15
  6 (restart 0) KSP residual norm 2.870040e-16
  7 (restart 0) KSP residual norm 1.281385e-16
  8 (restart 0) KSP residual norm 6.741159e-17
  9 (restart 0) KSP residual norm 6.073982e-18
 10 (restart 0) KSP residual norm 5.273990e-18
GMRES solver converged in 10 iterations (avg. reduction factor: 2.502e-01)
  Residual norms for GMRES solve
  0 (restart 0) KSP residual norm 4.901854e-12
  1 (restart 0) KSP residual norm 5.506883e-13
  2 (restart 0) KSP residual norm 4.683148e-14
  3 (restart 0) KSP residual norm 7.002185e-15
  4 (restart 0) KSP residual norm 3.167046e-15
  5 (restart 0) KSP residual norm 9.376915e-16
  6 (restart 0) KSP residual norm 5.604149e-16
  7 (restart 0) KSP residual norm 3.915816e-16
  8 (restart 0) KSP residual norm 3.189550e-16
  9 (restart 0) KSP residual norm 5.181593e-17
 10 (restart 0) KSP residual norm 2.471795e-17
 11 (restart 0) KSP residual norm 1.465019e-17
 12 (restart 0) KSP residual norm 1.731106e-18
GMRES solver converged in 12 iterations (avg. reduction factor: 2.900e-01)
  Residual norms for GMRES solve
  0 (restart 0) KSP residual norm 3.976662e-12
  1 (restart 0) KSP residual norm 5.122586e-13
  2 (restart 0) KSP residual norm 6.917927e-14
  3 (restart 0) KSP residual norm 1.547969e-14
  4 (restart 0) KSP residual norm 1.112082e-14
  5 (restart 0) KSP residual norm 6.675646e-15
  6 (restart 0) KSP residual norm 1.342310e-15
  7 (restart 0) KSP residual norm 6.428839e-16
  8 (restart 0) KSP residual norm 3.247004e-16
  9 (restart 0) KSP residual norm 5.576487e-17
 10 (restart 0) KSP residual norm 2.523440e-17
 11 (restart 0) KSP residual norm 1.748155e-17
 12 (restart 0) KSP residual norm 1.845851e-18
GMRES solver converged in 12 iterations (avg. reduction factor: 2.966e-01)
  Residual norms for GMRES solve
  0 (restart 0) KSP residual norm 3.584147e-12
  1 (restart 0) KSP residual norm 3.354437e-13
  2 (restart 0) KSP residual norm 4.485615e-14
  3 (restart 0) KSP residual norm 1.363900e-14
  4 (restart 0) KSP residual norm 1.088069e-14
  5 (restart 0) KSP residual norm 4.269533e-15
  6 (restart 0) KSP residual norm 8.869106e-16
  7 (restart 0) KSP residual norm 2.986505e-16
  8 (restart 0) KSP residual norm 2.341435e-16
  9 (restart 0) KSP residual norm 3.398095e-17
 10 (restart 0) KSP residual norm 1.658252e-17
 11 (restart 0) KSP residual norm 1.271742e-17
 12 (restart 0) KSP residual norm 1.241435e-18
GMRES solver converged in 12 iterations (avg. reduction factor: 2.895e-01)
  Residual norms for GMRES solve
  0 (restart 0) KSP residual norm 5.926244e-12
  1 (restart 0) KSP residual norm 2.047538e-13
  2 (restart 0) KSP residual norm 1.825226e-14
  3 (restart 0) KSP residual norm 7.622384e-15
  4 (restart 0) KSP residual norm 5.053131e-15
  5 (restart 0) KSP residual norm 1.963706e-15
  6 (restart 0) KSP residual norm 5.253881e-16
  7 (restart 0) KSP residual norm 2.124897e-16
  8 (restart 0) KSP residual norm 2.016738e-16
  9 (restart 0) KSP residual norm 1.469263e-17
 10 (restart 0) KSP residual norm 8.544662e-18
 11 (restart 0) KSP residual norm 8.175203e-18
 12 (restart 0) KSP residual norm 3.781042e-19
GMRES solver converged in 12 iterations (avg. reduction factor: 2.514e-01)
  Residual norms for GMRES solve
  0 (restart 0) KSP residual norm 2.129025e-11
  1 (restart 0) KSP residual norm 2.402952e-13
  2 (restart 0) KSP residual norm 2.550781e-14
  3 (restart 0) KSP residual norm 7.513375e-15
  4 (restart 0) KSP residual norm 4.752908e-15
  5 (restart 0) KSP residual norm 2.520714e-15
  6 (restart 0) KSP residual norm 6.658450e-16
  7 (restart 0) KSP residual norm 4.273363e-16
  8 (restart 0) KSP residual norm 1.985937e-16
  9 (restart 0) KSP residual norm 2.249331e-17
 10 (restart 0) KSP residual norm 2.177818e-17
 11 (restart 0) KSP residual norm 1.389260e-17
GMRES solver converged in 11 iterations (avg. reduction factor: 2.740e-01)
  Residual norms for GMRES solve
  0 (restart 0) KSP residual norm 7.217740e-12
  1 (restart 0) KSP residual norm 1.738091e-13
  2 (restart 0) KSP residual norm 1.473768e-14
  3 (restart 0) KSP residual norm 5.731049e-15
  4 (restart 0) KSP residual norm 3.544506e-15
  5 (restart 0) KSP residual norm 1.974503e-15
  6 (restart 0) KSP residual norm 5.902415e-16
  7 (restart 0) KSP residual norm 1.902582e-16
  8 (restart 0) KSP residual norm 1.377767e-16
  9 (restart 0) KSP residual norm 1.171090e-17
 10 (restart 0) KSP residual norm 7.932087e-18
 11 (restart 0) KSP residual norm 6.778200e-18
GMRES solver converged in 11 iterations (avg. reduction factor: 2.832e-01)
  Residual norms for GMRES solve
  0 (restart 0) KSP residual norm 7.563176e-12
  1 (restart 0) KSP residual norm 5.157488e-13
  2 (restart 0) KSP residual norm 5.291181e-14
  3 (restart 0) KSP residual norm 2.127255e-14
  4 (restart 0) KSP residual norm 1.450632e-14
  5 (restart 0) KSP residual norm 6.159861e-15
  6 (restart 0) KSP residual norm 1.696811e-15
  7 (restart 0) KSP residual norm 4.393141e-16
  8 (restart 0) KSP residual norm 4.160474e-16
  9 (restart 0) KSP residual norm 3.819886e-17
 10 (restart 0) KSP residual norm 1.886256e-17
 11 (restart 0) KSP residual norm 1.872571e-17
 12 (restart 0) KSP residual norm 1.377088e-18
GMRES solver converged in 12 iterations (avg. reduction factor: 2.744e-01)
  Residual norms for GMRES solve
  0 (restart 0) KSP residual norm 9.787954e-12
  1 (restart 0) KSP residual norm 4.943558e-13
  2 (restart 0) KSP residual norm 4.859293e-14
  3 (restart 0) KSP residual norm 2.169638e-14
  4 (restart 0) KSP residual norm 1.518369e-14
  5 (restart 0) KSP residual norm 5.361022e-15
  6 (restart 0) KSP residual norm 1.273258e-15
  7 (restart 0) KSP residual norm 3.769364e-16
  8 (restart 0) KSP residual norm 3.756954e-16
  9 (restart 0) KSP residual norm 3.674091e-17
 10 (restart 0) KSP residual norm 1.830591e-17
 11 (restart 0) KSP residual norm 1.823674e-17
 12 (restart 0) KSP residual norm 1.423328e-18
GMRES solver converged in 12 iterations (avg. reduction factor: 2.693e-01)
  Residual norms for GMRES solve
  0 (restart 0) KSP residual norm 1.466289e-11
  1 (restart 0) KSP residual norm 4.233991e-13
  2 (restart 0) KSP residual norm 3.097864e-14
  3 (restart 0) KSP residual norm 2.014725e-14
  4 (restart 0) KSP residual norm 1.377484e-14
  5 (restart 0) KSP residual norm 2.698418e-15
  6 (restart 0) KSP residual norm 5.375307e-16
  7 (restart 0) KSP residual norm 3.148213e-16
  8 (restart 0) KSP residual norm 1.933009e-16
  9 (restart 0) KSP residual norm 2.369528e-17
 10 (restart 0) KSP residual norm 2.021359e-17
 11 (restart 0) KSP residual norm 1.438536e-17
GMRES solver converged in 11 iterations (avg. reduction factor: 2.843e-01)
  Residual norms for GMRES solve
  0 (restart 0) KSP residual norm 7.621232e-12
  1 (restart 0) KSP residual norm 7.457776e-13
  2 (restart 0) KSP residual norm 5.136706e-14
  3 (restart 0) KSP residual norm 3.459814e-14
  4 (restart 0) KSP residual norm 2.243746e-14
  5 (restart 0) KSP residual norm 4.378293e-15
  6 (restart 0) KSP residual norm 1.061218e-15
  7 (restart 0) KSP residual norm 3.570490e-16
  8 (restart 0) KSP residual norm 3.565715e-16
  9 (restart 0) KSP residual norm 3.724692e-17
 10 (restart 0) KSP residual norm 1.960551e-17
 11 (restart 0) KSP residual norm 1.941234e-17
 12 (restart 0) KSP residual norm 1.377960e-18
GMRES solver converged in 12 iterations (avg. reduction factor: 2.742e-01)
  Residual norms for GMRES solve
  0 (restart 0) KSP residual norm 6.899508e-12
  1 (restart 0) KSP residual norm 5.725035e-13
  2 (restart 0) KSP residual norm 3.925710e-14
  3 (restart 0) KSP residual norm 2.653117e-14
  4 (restart 0) KSP residual norm 1.748155e-14
  5 (restart 0) KSP residual norm 4.717842e-15
  6 (restart 0) KSP residual norm 1.063634e-15
  7 (restart 0) KSP residual norm 2.519287e-16
  8 (restart 0) KSP residual norm 2.472401e-16
  9 (restart 0) KSP residual norm 2.366474e-17
 10 (restart 0) KSP residual norm 1.026205e-17
 11 (restart 0) KSP residual norm 1.020374e-17
 12 (restart 0) KSP residual norm 8.049288e-19
GMRES solver converged in 12 iterations (avg. reduction factor: 2.644e-01)
  Residual norms for GMRES solve
  0 (restart 0) KSP residual norm 1.786802e-11
  1 (restart 0) KSP residual norm 4.667915e-13
  2 (restart 0) KSP residual norm 3.957795e-14
  3 (restart 0) KSP residual norm 2.091805e-14
  4 (restart 0) KSP residual norm 1.483427e-14
  5 (restart 0) KSP residual norm 4.726977e-15
  6 (restart 0) KSP residual norm 1.104802e-15
  7 (restart 0) KSP residual norm 4.633066e-16
  8 (restart 0) KSP residual norm 3.707802e-16
  9 (restart 0) KSP residual norm 2.932670e-17
 10 (restart 0) KSP residual norm 2.668263e-17
 11 (restart 0) KSP residual norm 1.731697e-17
GMRES solver converged in 11 iterations (avg. reduction factor: 2.840e-01)
  Residual norms for GMRES solve
  0 (restart 0) KSP residual norm 6.967357e-12
  1 (restart 0) KSP residual norm 9.027863e-13
  2 (restart 0) KSP residual norm 7.861312e-14
  3 (restart 0) KSP residual norm 3.830561e-14
  4 (restart 0) KSP residual norm 2.652565e-14
  5 (restart 0) KSP residual norm 9.155302e-15
  6 (restart 0) KSP residual norm 1.917516e-15
  7 (restart 0) KSP residual norm 5.549987e-16
  8 (restart 0) KSP residual norm 4.597944e-16
  9 (restart 0) KSP residual norm 5.955987e-17
 10 (restart 0) KSP residual norm 2.850050e-17
 11 (restart 0) KSP residual norm 1.079076e-17
 12 (restart 0) KSP residual norm 2.027081e-18
GMRES solver converged in 12 iterations (avg. reduction factor: 2.853e-01)
  Residual norms for GMRES solve
  0 (restart 0) KSP residual norm 1.538697e-11
  1 (restart 0) KSP residual norm 2.718075e-13
  2 (restart 0) KSP residual norm 5.363230e-14
  3 (restart 0) KSP residual norm 1.842596e-14
  4 (restart 0) KSP residual norm 1.402118e-14
  5 (restart 0) KSP residual norm 5.114530e-15
  6 (restart 0) KSP residual norm 4.938895e-16
  7 (restart 0) KSP residual norm 3.459897e-16
  8 (restart 0) KSP residual norm 2.428561e-16
  9 (restart 0) KSP residual norm 2.462159e-17
 10 (restart 0) KSP residual norm 2.077180e-17
 11 (restart 0) KSP residual norm 1.390933e-17
GMRES solver converged in 11 iterations (avg. reduction factor: 2.822e-01)
  Residual norms for GMRES solve
  0 (restart 0) KSP residual norm 2.290169e-11
  1 (restart 0) KSP residual norm 2.433944e-13
  2 (restart 0) KSP residual norm 3.179130e-14
  3 (restart 0) KSP residual norm 7.626820e-15
  4 (restart 0) KSP residual norm 4.507128e-15
  5 (restart 0) KSP residual norm 1.889418e-15
  6 (restart 0) KSP residual norm 4.156772e-16
  7 (restart 0) KSP residual norm 4.101655e-16
  8 (restart 0) KSP residual norm 2.126818e-16
  9 (restart 0) KSP residual norm 2.505628e-17
 10 (restart 0) KSP residual norm 2.440223e-17
 11 (restart 0) KSP residual norm 1.208484e-17
GMRES solver converged in 11 iterations (avg. reduction factor: 2.687e-01)
  Residual norms for GMRES solve
  0 (restart 0) KSP residual norm 1.334928e-11
  1 (restart 0) KSP residual norm 4.894672e-13
  2 (restart 0) KSP residual norm 5.397599e-14
  3 (restart 0) KSP residual norm 1.368423e-14
  4 (restart 0) KSP residual norm 8.902034e-15
  5 (restart 0) KSP residual norm 4.638255e-15
  6 (restart 0) KSP residual norm 1.729504e-15
  7 (restart 0) KSP residual norm 4.103122e-16
  8 (restart 0) KSP residual norm 3.785594e-16
  9 (restart 0) KSP residual norm 3.468107e-17
 10 (restart 0) KSP residual norm 1.153868e-17
GMRES solver converged in 10 iterations (avg. reduction factor: 2.476e-01)
  Residual norms for GMRES solve
  0 (restart 0) KSP residual norm 8.898043e-12
  1 (restart 0) KSP residual norm 1.043046e-12
  2 (restart 0) KSP residual norm 1.183661e-13
  3 (restart 0) KSP residual norm 2.401323e-14
  4 (restart 0) KSP residual norm 1.469761e-14
  5 (restart 0) KSP residual norm 8.152495e-15
  6 (restart 0) KSP residual norm 3.362261e-15
  7 (restart 0) KSP residual norm 8.109483e-16
  8 (restart 0) KSP residual norm 6.329749e-16
  9 (restart 0) KSP residual norm 7.788770e-17
 10 (restart 0) KSP residual norm 2.592617e-17
 11 (restart 0) KSP residual norm 2.088510e-17
 12 (restart 0) KSP residual norm 2.773617e-18
GMRES solver converged in 12 iterations (avg. reduction factor: 2.870e-01)
  Residual norms for GMRES solve
  0 (restart 0) KSP residual norm 4.636369e-12
  1 (restart 0) KSP residual norm 2.434943e-13
  2 (restart 0) KSP residual norm 2.564726e-14
  3 (restart 0) KSP residual norm 8.099719e-15
  4 (restart 0) KSP residual norm 5.573115e-15
  5 (restart 0) KSP residual norm 3.083841e-15
  6 (restart 0) KSP residual norm 8.508631e-16
  7 (restart 0) KSP residual norm 2.925409e-16
  8 (restart 0) KSP residual norm 2.574626e-16
  9 (restart 0) KSP residual norm 2.524178e-17
 10 (restart 0) KSP residual norm 1.156490e-17
 11 (restart 0) KSP residual norm 9.146694e-18
 12 (restart 0) KSP residual norm 9.285564e-19
GMRES solver converged in 12 iterations (avg. reduction factor: 2.766e-01)
  Residual norms for GMRES solve
  0 (restart 0) KSP residual norm 5.428142e-12
  1 (restart 0) KSP residual norm 6.340112e-13
  2 (restart 0) KSP residual norm 8.046990e-14
  3 (restart 0) KSP residual norm 2.936526e-14
  4 (restart 0) KSP residual norm 2.091205e-14
  5 (restart 0) KSP residual norm 1.014196e-14
  6 (restart 0) KSP residual norm 2.198486e-15
  7 (restart 0) KSP residual norm 8.134894e-16
  8 (restart 0) KSP residual norm 4.142204e-16
  9 (restart 0) KSP residual norm 7.988074e-17
 10 (restart 0) KSP residual norm 3.722918e-17
 11 (restart 0) KSP residual norm 9.588808e-18
 12 (restart 0) KSP residual norm 2.032422e-18
GMRES solver converged in 12 iterations (avg. reduction factor: 2.914e-01)
  Residual norms for GMRES solve
  0 (restart 0) KSP residual norm 1.739931e-12
  1 (restart 0) KSP residual norm 1.111687e-12
  2 (restart 0) KSP residual norm 1.495448e-13
  3 (restart 0) KSP residual norm 5.549494e-14
  4 (restart 0) KSP residual norm 3.959373e-14
  5 (restart 0) KSP residual norm 1.875396e-14
  6 (restart 0) KSP residual norm 3.968192e-15
  7 (restart 0) KSP residual norm 1.428908e-15
  8 (restart 0) KSP residual norm 1.370746e-16
  9 (restart 0) KSP residual norm 1.313326e-16
 10 (restart 0) KSP residual norm 6.565622e-17
 11 (restart 0) KSP residual norm 8.423986e-18
 12 (restart 0) KSP residual norm 3.369554e-18
 13 (restart 0) KSP residual norm 1.509901e-18
GMRES solver converged in 13 iterations (avg. reduction factor: 3.418e-01)
  Residual norms for GMRES solve
  0 (restart 0) KSP residual norm 1.269298e-11
  1 (restart 0) KSP residual norm 3.430803e-13
  2 (restart 0) KSP residual norm 4.759789e-14
  3 (restart 0) KSP residual norm 2.877984e-14
  4 (restart 0) KSP residual norm 1.969768e-14
  5 (restart 0) KSP residual norm 5.367317e-15
  6 (restart 0) KSP residual norm 1.014519e-15
  7 (restart 0) KSP residual norm 4.300005e-16
  8 (restart 0) KSP residual norm 4.130170e-16
  9 (restart 0) KSP residual norm 3.343600e-17
 10 (restart 0) KSP residual norm 2.064290e-17
 11 (restart 0) KSP residual norm 2.036483e-17
 12 (restart 0) KSP residual norm 8.620522e-19
GMRES solver converged in 12 iterations (avg. reduction factor: 2.527e-01)
  Residual norms for GMRES solve
  0 (restart 0) KSP residual norm 3.867013e-12
  1 (restart 0) KSP residual norm 7.107158e-13
  2 (restart 0) KSP residual norm 1.072583e-13
  3 (restart 0) KSP residual norm 7.304646e-14
  4 (restart 0) KSP residual norm 3.974711e-14
  5 (restart 0) KSP residual norm 3.519020e-15
  6 (restart 0) KSP residual norm 7.563282e-16
  7 (restart 0) KSP residual norm 1.338597e-16
  8 (restart 0) KSP residual norm 1.338515e-16
  9 (restart 0) KSP residual norm 1.934903e-17
 10 (restart 0) KSP residual norm 9.399913e-18
 11 (restart 0) KSP residual norm 8.112191e-18
 12 (restart 0) KSP residual norm 9.095674e-19
GMRES solver converged in 12 iterations (avg. reduction factor: 2.803e-01)
  Residual norms for GMRES solve
  0 (restart 0) KSP residual norm 4.794745e-12
  1 (restart 0) KSP residual norm 1.153217e-12
  2 (restart 0) KSP residual norm 1.750094e-13
  3 (restart 0) KSP residual norm 1.198679e-13
  4 (restart 0) KSP residual norm 6.872260e-14
  5 (restart 0) KSP residual norm 6.845872e-15
  6 (restart 0) KSP residual norm 1.385791e-15
  7 (restart 0) KSP residual norm 2.560349e-16
  8 (restart 0) KSP residual norm 2.419957e-16
  9 (restart 0) KSP residual norm 3.326946e-17
 10 (restart 0) KSP residual norm 1.636545e-17
 11 (restart 0) KSP residual norm 9.904058e-18
 12 (restart 0) KSP residual norm 1.739047e-18
GMRES solver converged in 12 iterations (avg. reduction factor: 2.906e-01)
  Residual norms for GMRES solve
  0 (restart 0) KSP residual norm 5.588116e-12
  1 (restart 0) KSP residual norm 3.060371e-13
  2 (restart 0) KSP residual norm 4.721764e-14
  3 (restart 0) KSP residual norm 3.051142e-14
  4 (restart 0) KSP residual norm 1.897103e-14
  5 (restart 0) KSP residual norm 3.558709e-15
  6 (restart 0) KSP residual norm 5.582795e-16
  7 (restart 0) KSP residual norm 2.304806e-16
  8 (restart 0) KSP residual norm 2.298912e-16
  9 (restart 0) KSP residual norm 1.381711e-17
 10 (restart 0) KSP residual norm 6.961466e-18
 11 (restart 0) KSP residual norm 5.459910e-18
GMRES solver converged in 11 iterations (avg. reduction factor: 2.842e-01)
  Residual norms for GMRES solve
  0 (restart 0) KSP residual norm 3.438900e-12
  1 (restart 0) KSP residual norm 2.377536e-13
  2 (restart 0) KSP residual norm 4.826960e-14
  3 (restart 0) KSP residual norm 2.064839e-14
  4 (restart 0) KSP residual norm 1.498555e-14
  5 (restart 0) KSP residual norm 5.197988e-15
  6 (restart 0) KSP residual norm 7.195436e-16
  7 (restart 0) KSP residual norm 2.937229e-16
  8 (restart 0) KSP residual norm 2.088093e-16
  9 (restart 0) KSP residual norm 3.046780e-17
 10 (restart 0) KSP residual norm 1.131281e-17
 11 (restart 0) KSP residual norm 8.079330e-19
GMRES solver converged in 11 iterations (avg. reduction factor: 2.497e-01)
  Residual norms for GMRES solve
  0 (restart 0) KSP residual norm 3.182684e-12
  1 (restart 0) KSP residual norm 1.134061e-12
  2 (restart 0) KSP residual norm 9.628302e-14
  3 (restart 0) KSP residual norm 5.513103e-14
  4 (restart 0) KSP residual norm 3.813368e-14
  5 (restart 0) KSP residual norm 1.292987e-14
  6 (restart 0) KSP residual norm 3.287113e-15
  7 (restart 0) KSP residual norm 8.658671e-16
  8 (restart 0) KSP residual norm 2.891590e-16
  9 (restart 0) KSP residual norm 7.425773e-17
 10 (restart 0) KSP residual norm 3.304581e-17
 11 (restart 0) KSP residual norm 2.612993e-17
 12 (restart 0) KSP residual norm 2.116567e-18
GMRES solver converged in 12 iterations (avg. reduction factor: 3.057e-01)
  Residual norms for GMRES solve
  0 (restart 0) KSP residual norm 2.983348e-12
  1 (restart 0) KSP residual norm 6.832512e-13
  2 (restart 0) KSP residual norm 5.910274e-14
  3 (restart 0) KSP residual norm 3.202993e-14
  4 (restart 0) KSP residual norm 2.237056e-14
  5 (restart 0) KSP residual norm 8.255183e-15
  6 (restart 0) KSP residual norm 1.989608e-15
  7 (restart 0) KSP residual norm 5.482028e-16
  8 (restart 0) KSP residual norm 2.057480e-16
  9 (restart 0) KSP residual norm 4.555695e-17
 10 (restart 0) KSP residual norm 2.286675e-17
 11 (restart 0) KSP residual norm 2.285400e-17
 12 (restart 0) KSP residual norm 1.288232e-18
GMRES solver converged in 12 iterations (avg. reduction factor: 2.949e-01)
  Residual norms for GMRES solve
  0 (restart 0) KSP residual norm 9.669910e-12
  1 (restart 0) KSP residual norm 1.745259e-13
  2 (restart 0) KSP residual norm 1.618095e-14
  3 (restart 0) KSP residual norm 4.738268e-15
  4 (restart 0) KSP residual norm 3.169283e-15
  5 (restart 0) KSP residual norm 1.801959e-15
  6 (restart 0) KSP residual norm 4.407901e-16
  7 (restart 0) KSP residual norm 2.658434e-16
  8 (restart 0) KSP residual norm 2.076623e-16
  9 (restart 0) KSP residual norm 1.712562e-17
 10 (restart 0) KSP residual norm 1.709338e-17
 11 (restart 0) KSP residual norm 9.643237e-18
GMRES solver converged in 11 iterations (avg. reduction factor: 2.847e-01)
  Residual norms for GMRES solve
  0 (restart 0) KSP residual norm 6.633411e-12
  1 (restart 0) KSP residual norm 1.110994e-12
  2 (restart 0) KSP residual norm 8.854376e-14
  3 (restart 0) KSP residual norm 1.485312e-14
  4 (restart 0) KSP residual norm 6.794209e-15
  5 (restart 0) KSP residual norm 2.732916e-15
  6 (restart 0) KSP residual norm 1.207572e-15
  7 (restart 0) KSP residual norm 5.252844e-16
  8 (restart 0) KSP residual norm 4.554070e-16
  9 (restart 0) KSP residual norm 6.651192e-17
 10 (restart 0) KSP residual norm 2.983778e-17
 11 (restart 0) KSP residual norm 1.967631e-17
 12 (restart 0) KSP residual norm 2.273384e-18
GMRES solver converged in 12 iterations (avg. reduction factor: 2.892e-01)
  Residual norms for GMRES solve
  0 (restart 0) KSP residual norm 1.137054e-11
  1 (restart 0) KSP residual norm 7.819430e-13
  2 (restart 0) KSP residual norm 6.398892e-14
  3 (restart 0) KSP residual norm 1.101612e-14
  4 (restart 0) KSP residual norm 5.353621e-15
  5 (restart 0) KSP residual norm 2.507429e-15
  6 (restart 0) KSP residual norm 8.771122e-16
  7 (restart 0) KSP residual norm 4.393315e-16
  8 (restart 0) KSP residual norm 4.282285e-16
  9 (restart 0) KSP residual norm 4.588579e-17
 10 (restart 0) KSP residual norm 2.483009e-17
 11 (restart 0) KSP residual norm 2.462584e-17
 12 (restart 0) KSP residual norm 1.531547e-18
GMRES solver converged in 12 iterations (avg. reduction factor: 2.676e-01)
  Residual norms for GMRES solve
  0 (restart 0) KSP residual norm 3.992809e-12
  1 (restart 0) KSP residual norm 2.079987e-13
  2 (restart 0) KSP residual norm 2.158439e-14
  3 (restart 0) KSP residual norm 2.612476e-15
  4 (restart 0) KSP residual norm 1.149613e-15
  5 (restart 0) KSP residual norm 4.060350e-16
  6 (restart 0) KSP residual norm 1.886970e-16
  7 (restart 0) KSP residual norm 1.098220e-16
  8 (restart 0) KSP residual norm 8.777622e-17
  9 (restart 0) KSP residual norm 1.336314e-17
 10 (restart 0) KSP residual norm 7.380719e-18
 11 (restart 0) KSP residual norm 7.159357e-18
 12 (restart 0) KSP residual norm 2.929769e-19
GMRES solver converged in 12 iterations (avg. reduction factor: 2.544e-01)
  Residual norms for GMRES solve
  0 (restart 0) KSP residual norm 1.485447e-11
  1 (restart 0) KSP residual norm 7.205521e-13
  2 (restart 0) KSP residual norm 8.104372e-14
  3 (restart 0) KSP residual norm 9.537185e-15
  4 (restart 0) KSP residual norm 4.096885e-15
  5 (restart 0) KSP residual norm 8.386962e-16
  6 (restart 0) KSP residual norm 5.084559e-16
  7 (restart 0) KSP residual norm 4.221885e-16
  8 (restart 0) KSP residual norm 3.765045e-16
  9 (restart 0) KSP residual norm 4.310328e-17
 10 (restart 0) KSP residual norm 2.631740e-17
 11 (restart 0) KSP residual norm 1.733264e-17
 12 (restart 0) KSP residual norm 2.047408e-18
GMRES solver converged in 12 iterations (avg. reduction factor: 2.681e-01)
  Residual norms for GMRES solve
  0 (restart 0) KSP residual norm 6.797783e-12
  1 (restart 0) KSP residual norm 1.150300e-12
  2 (restart 0) KSP residual norm 1.280403e-13
  3 (restart 0) KSP residual norm 1.525344e-14
  4 (restart 0) KSP residual norm 6.397756e-15
  5 (restart 0) KSP residual norm 7.664619e-16
  6 (restart 0) KSP residual norm 4.468267e-16
  7 (restart 0) KSP residual norm 3.455087e-16
  8 (restart 0) KSP residual norm 3.337698e-16
  9 (restart 0) KSP residual norm 6.755670e-17
 10 (restart 0) KSP residual norm 1.897204e-17
 11 (restart 0) KSP residual norm 1.897161e-17
 12 (restart 0) KSP residual norm 3.322835e-18
GMRES solver converged in 12 iterations (avg. reduction factor: 2.979e-01)
  Residual norms for GMRES solve
  0 (restart 0) KSP residual norm 1.318041e-11
  1 (restart 0) KSP residual norm 2.208872e-13
  2 (restart 0) KSP residual norm 2.237879e-14
  3 (restart 0) KSP residual norm 2.924610e-15
  4 (restart 0) KSP residual norm 1.366650e-15
  5 (restart 0) KSP residual norm 6.196581e-16
  6 (restart 0) KSP residual norm 2.679878e-16
  7 (restart 0) KSP residual norm 2.640866e-16
  8 (restart 0) KSP residual norm 1.631704e-16
  9 (restart 0) KSP residual norm 1.368366e-17
 10 (restart 0) KSP residual norm 1.342342e-17
 11 (restart 0) KSP residual norm 6.948608e-18
GMRES solver converged in 11 iterations (avg. reduction factor: 2.687e-01)
  Residual norms for GMRES solve
  0 (restart 0) KSP residual norm 3.344704e-12
  1 (restart 0) KSP residual norm 1.041487e-13
  2 (restart 0) KSP residual norm 3.068411e-14
  3 (restart 0) KSP residual norm 4.696570e-15
  4 (restart 0) KSP residual norm 2.865242e-15
  5 (restart 0) KSP residual norm 2.097167e-15
  6 (restart 0) KSP residual norm 4.812652e-16
  7 (restart 0) KSP residual norm 2.069117e-16
  8 (restart 0) KSP residual norm 1.742347e-16
  9 (restart 0) KSP residual norm 3.079995e-17
 10 (restart 0) KSP residual norm 7.787023e-18
 11 (restart 0) KSP residual norm 6.832858e-18
 12 (restart 0) KSP residual norm 8.882268e-19
GMRES solver converged in 12 iterations (avg. reduction factor: 2.831e-01)
  Residual norms for GMRES solve
  0 (restart 0) KSP residual norm 7.927841e-12
  1 (restart 0) KSP residual norm 4.221956e-13
  2 (restart 0) KSP residual norm 4.060663e-14
  3 (restart 0) KSP residual norm 4.690537e-15
  4 (restart 0) KSP residual norm 2.480584e-15
  5 (restart 0) KSP residual norm 1.173346e-15
  6 (restart 0) KSP residual norm 3.956104e-16
  7 (restart 0) KSP residual norm 2.845648e-16
  8 (restart 0) KSP residual norm 2.398928e-16
  9 (restart 0) KSP residual norm 2.695095e-17
 10 (restart 0) KSP residual norm 9.686845e-18
 11 (restart 0) KSP residual norm 6.589721e-18
GMRES solver converged in 11 iterations (avg. reduction factor: 2.801e-01)
  Residual norms for GMRES solve
  0 (restart 0) KSP residual norm 5.492330e-12
  1 (restart 0) KSP residual norm 1.179330e-12
  2 (restart 0) KSP residual norm 1.063797e-13
  3 (restart 0) KSP residual norm 1.161223e-14
  4 (restart 0) KSP residual norm 5.250147e-15
  5 (restart 0) KSP residual norm 9.775670e-16
  6 (restart 0) KSP residual norm 5.755625e-16
  7 (restart 0) KSP residual norm 3.917138e-16
  8 (restart 0) KSP residual norm 3.551433e-16
  9 (restart 0) KSP residual norm 8.627958e-17
 10 (restart 0) KSP residual norm 1.090914e-17
 11 (restart 0) KSP residual norm 1.057668e-17
 12 (restart 0) KSP residual norm 3.877235e-18
GMRES solver converged in 12 iterations (avg. reduction factor: 3.072e-01)
  Residual norms for GMRES solve
  0 (restart 0) KSP residual norm 1.617109e-11
  1 (restart 0) KSP residual norm 5.606880e-13
  2 (restart 0) KSP residual norm 5.075661e-14
  3 (restart 0) KSP residual norm 5.465332e-15
  4 (restart 0) KSP residual norm 2.496016e-15
  5 (restart 0) KSP residual norm 5.513121e-16
  6 (restart 0) KSP residual norm 3.331718e-16
  7 (restart 0) KSP residual norm 3.197546e-16
  8 (restart 0) KSP residual norm 2.550442e-16
  9 (restart 0) KSP residual norm 4.127121e-17
 10 (restart 0) KSP residual norm 2.077127e-17
 11 (restart 0) KSP residual norm 6.056901e-18
GMRES solver converged in 11 iterations (avg. reduction factor: 2.605e-01)
  Residual norms for GMRES solve
  0 (restart 0) KSP residual norm 4.039608e-12
  1 (restart 0) KSP residual norm 1.148605e-13
  2 (restart 0) KSP residual norm 1.283950e-14
  3 (restart 0) KSP residual norm 1.617064e-15
  4 (restart 0) KSP residual norm 1.033162e-15
  5 (restart 0) KSP residual norm 6.396130e-16
  6 (restart 0) KSP residual norm 1.371060e-16
  7 (restart 0) KSP residual norm 1.148993e-16
  8 (restart 0) KSP residual norm 7.273016e-17
  9 (restart 0) KSP residual norm 8.681737e-18
 10 (restart 0) KSP residual norm 3.221870e-18
GMRES solver converged in 10 iterations (avg. reduction factor: 2.456e-01)
  Residual norms for GMRES solve
  0 (restart 0) KSP residual norm 1.268424e-11
  1 (restart 0) KSP residual norm 5.277273e-13
  2 (restart 0) KSP residual norm 6.805050e-14
  3 (restart 0) KSP residual norm 4.398790e-15
  4 (restart 0) KSP residual norm 2.290818e-15
  5 (restart 0) KSP residual norm 8.616793e-16
  6 (restart 0) KSP residual norm 3.784835e-16
  7 (restart 0) KSP residual norm 3.297274e-16
  8 (restart 0) KSP residual norm 2.012167e-16
  9 (restart 0) KSP residual norm 4.372278e-17
 10 (restart 0) KSP residual norm 1.512840e-17
 11 (restart 0) KSP residual norm 4.285279e-18
GMRES solver converged in 11 iterations (avg. reduction factor: 2.580e-01)
  Residual norms for GMRES solve
  0 (restart 0) KSP residual norm 4.701504e-12
  1 (restart 0) KSP residual norm 1.212251e-12
  2 (restart 0) KSP residual norm 1.578591e-13
  3 (restart 0) KSP residual norm 1.010873e-14
  4 (restart 0) KSP residual norm 5.136840e-15
  5 (restart 0) KSP residual norm 1.660080e-15
  6 (restart 0) KSP residual norm 8.082261e-16
  7 (restart 0) KSP residual norm 3.433409e-16
  8 (restart 0) KSP residual norm 3.188464e-16
  9 (restart 0) KSP residual norm 1.091153e-16
 10 (restart 0) KSP residual norm 8.789765e-18
 11 (restart 0) KSP residual norm 7.066927e-18
 12 (restart 0) KSP residual norm 3.432429e-18
GMRES solver converged in 12 iterations (avg. reduction factor: 3.080e-01)
  Residual norms for GMRES solve
  0 (restart 0) KSP residual norm 5.084815e-12
  1 (restart 0) KSP residual norm 3.611846e-13
  2 (restart 0) KSP residual norm 4.762807e-14
  3 (restart 0) KSP residual norm 3.050445e-15
  4 (restart 0) KSP residual norm 1.536858e-15
  5 (restart 0) KSP residual norm 4.695897e-16
  6 (restart 0) KSP residual norm 2.386726e-16
  7 (restart 0) KSP residual norm 1.687816e-16
  8 (restart 0) KSP residual norm 1.330807e-16
  9 (restart 0) KSP residual norm 3.249455e-17
 10 (restart 0) KSP residual norm 5.057781e-18
GMRES solver converged in 10 iterations (avg. reduction factor: 2.511e-01)
  Residual norms for GMRES solve
  0 (restart 0) KSP residual norm 1.507558e-11
  1 (restart 0) KSP residual norm 2.573284e-13
  2 (restart 0) KSP residual norm 2.246595e-14
  3 (restart 0) KSP residual norm 1.910416e-15
  4 (restart 0) KSP residual norm 1.226790e-15
  5 (restart 0) KSP residual norm 6.547899e-16
  6 (restart 0) KSP residual norm 2.204466e-16
  7 (restart 0) KSP residual norm 2.127009e-16
  8 (restart 0) KSP residual norm 7.431770e-17
  9 (restart 0) KSP residual norm 1.934847e-17
 10 (restart 0) KSP residual norm 1.746602e-17
 11 (restart 0) KSP residual norm 1.888186e-18
GMRES solver converged in 11 iterations (avg. reduction factor: 2.358e-01)
  Residual norms for GMRES solve
  0 (restart 0) KSP residual norm 6.262141e-12
  1 (restart 0) KSP residual norm 1.157088e-12
  2 (restart 0) KSP residual norm 9.071906e-14
  3 (restart 0) KSP residual norm 7.815039e-15
  4 (restart 0) KSP residual norm 3.938837e-15
  5 (restart 0) KSP residual norm 9.745699e-16
  6 (restart 0) KSP residual norm 5.182921e-16
  7 (restart 0) KSP residual norm 2.911718e-16
  8 (restart 0) KSP residual norm 2.812873e-16
  9 (restart 0) KSP residual norm 7.999503e-17
 10 (restart 0) KSP residual norm 6.025272e-18
GMRES solver converged in 10 iterations (avg. reduction factor: 2.502e-01)
  Residual norms for GMRES solve
  0 (restart 0) KSP residual norm 1.306809e-11
  1 (restart 0) KSP residual norm 6.139748e-13
  2 (restart 0) KSP residual norm 4.947077e-14
  3 (restart 0) KSP residual norm 4.333989e-15
  4 (restart 0) KSP residual norm 2.444338e-15
  5 (restart 0) KSP residual norm 1.054519e-15
  6 (restart 0) KSP residual norm 3.550023e-16
  7 (restart 0) KSP residual norm 3.320142e-16
  8 (restart 0) KSP residual norm 2.053912e-16
  9 (restart 0) KSP residual norm 3.461561e-17
 10 (restart 0) KSP residual norm 1.601160e-17
 11 (restart 0) KSP residual norm 8.548193e-18
GMRES solver converged in 11 iterations (avg. reduction factor: 2.740e-01)
  Residual norms for GMRES solve
  0 (restart 0) KSP residual norm 9.505798e-12
  1 (restart 0) KSP residual norm 3.513564e-13
  2 (restart 0) KSP residual norm 3.063899e-14
  3 (restart 0) KSP residual norm 2.810790e-15
  4 (restart 0) KSP residual norm 1.312036e-15
  5 (restart 0) KSP residual norm 2.433337e-16
  6 (restart 0) KSP residual norm 1.426653e-16
  7 (restart 0) KSP residual norm 1.403285e-16
  8 (restart 0) KSP residual norm 1.101387e-16
  9 (restart 0) KSP residual norm 2.908855e-17
 10 (restart 0) KSP residual norm 1.117462e-17
 11 (restart 0) KSP residual norm 8.716117e-18
GMRES solver converged in 11 iterations (avg. reduction factor: 2.826e-01)
  Residual norms for GMRES solve
  0 (restart 0) KSP residual norm 6.908696e-12
  1 (restart 0) KSP residual norm 1.489390e-13
  2 (restart 0) KSP residual norm 8.700620e-15
  3 (restart 0) KSP residual norm 1.088903e-15
  4 (restart 0) KSP residual norm 4.692488e-16
  5 (restart 0) KSP residual norm 1.284241e-16
  6 (restart 0) KSP residual norm 7.351578e-17
  7 (restart 0) KSP residual norm 7.342257e-17
  8 (restart 0) KSP residual norm 4.681182e-17
  9 (restart 0) KSP residual norm 9.936208e-18
 10 (restart 0) KSP residual norm 9.878521e-18
